    Checking nander-rs v0.4.0 (C:\Users\shiso\Downloads\nander\nander-rs)
    Finished `dev` profile [unoptimized + debuginfo] target(s) in 3.85s
